dev|eradman@eradman.com|subscribe|test/home/mail/cur/1708978889.9004ffbf.hub1.scriptedconfiguration.org:2,RS
dev|tech@eradman.com|unsubscribe|test/home/mail/cur/1718310671.86d68cae.hub1.scriptedconfiguration.org:2,S
dev|eradman@eradman.com|status|test/home/mail/cur/1718310759.9d6ca6b9.hub1.scriptedconfiguration.org:2,S
