smtpctl update table aliases
smtpctl update table members
